<?xml version="1.0" encoding="utf-8"?>
<test-run id="2" testcasecount="11" result="Passed" total="11" passed="11" failed="0" inconclusive="0" skipped="0" asserts="0" engine-version="3.5.0.0" clr-version="4.0.30319.42000" start-time="2025-12-24 01:18:01Z" end-time="2025-12-24 01:18:01Z" duration="0.1125523">
  <test-suite type="TestSuite" id="1000" name="KexEdit" fullname="KexEdit" runstate="Runnable" testcasecount="3323" result="Passed" start-time="2025-12-24 01:18:01Z" end-time="2025-12-24 01:18:01Z" duration="0.112552" total="11" passed="11" failed="0" inconclusive="0" skipped="0" asserts="0">
    <properties>
      <property name="platform" value="EditMode" />
    </properties>
    <test-suite type="Assembly" id="1520" name="Tests.dll" fullname="C:/Users/dylan/Documents/Games/KexEdit/Library/ScriptAssemblies/Tests.dll" runstate="Runnable" testcasecount="458" result="Passed" start-time="2025-12-24 01:18:01Z" end-time="2025-12-24 01:18:01Z" duration="0.084491" total="11" passed="11" failed="0" inconclusive="0" skipped="0" asserts="0">
      <properties>
        <property name="_PID" value="10144" />
        <property name="_APPDOMAIN" value="Unity Child Domain" />
        <property name="platform" value="EditMode" />
        <property name="EditorOnly" value="True" />
      </properties>
      <test-suite type="TestSuite" id="1530" name="Tests" fullname="Tests" runstate="Runnable" testcasecount="312" result="Passed" start-time="2025-12-24 01:18:01Z" end-time="2025-12-24 01:18:01Z" duration="0.081057" total="11" passed="11" failed="0" inconclusive="0" skipped="0" asserts="0">
        <properties />
        <test-suite type="TestFixture" id="1192" name="BridgeDeserializationTests" fullname="Tests.BridgeDeserializationTests" classname="Tests.BridgeDeserializationTests" runstate="Runnable" testcasecount="11" result="Passed" start-time="2025-12-24 01:18:01Z" end-time="2025-12-24 01:18:01Z" duration="0.077653" total="11" passed="11" failed="0" inconclusive="0" skipped="0" asserts="0">
          <properties>
            <property name="Category" value="Investigation" />
          </properties>
          <test-suite type="ParameterizedMethod" id="1200" name="DumpCoasterAfterImport" fullname="Tests.BridgeDeserializationTests.DumpCoasterAfterImport" classname="Tests.BridgeDeserializationTests" runstate="Runnable" testcasecount="3" result="Passed" start-time="2025-12-24 01:18:01Z" end-time="2025-12-24 01:18:01Z" duration="0.031467" total="3" passed="3" failed="0" inconclusive="0" skipped="0" asserts="0">
            <properties />
            <test-case id="1197" name="DumpCoasterAfterImport(&quot;Assets/Tests/Assets/all_types.kex&quot;)" fullname="Tests.BridgeDeserializationTests.DumpCoasterAfterImport(&quot;Assets/Tests/Assets/all_types.kex&quot;)" methodname="DumpCoasterAfterImport" classname="Tests.BridgeDeserializationTests" runstate="Runnable" seed="1752857630" result="Passed" start-time="2025-12-24 01:18:01Z" end-time="2025-12-24 01:18:01Z" duration="0.022233" asserts="0">
              <properties>
                <property name="retryIteration" value="0" />
                <property name="repeatIteration" value="0" />
              </properties>
              <reason>
                <message><![CDATA[Coaster structure dumped to console]]></message>
              </reason>
              <output><![CDATA[=== COASTER AFTER IMPORT ===
Nodes: 21
Ports: 106
Edges: 24

=== BRIDGE NODES IN COASTER ===

Bridge Node 525679038:
  Position: float2(-530f, 2422f)
  Input count: 4
  Output count: 2
  Schema expects:
    Input[0] = Anchor (PortDataType.Anchor, 0)
    Input[1] = Target (PortDataType.Anchor, 1)
    Input[2] = OutWeight (PortDataType.Scalar, 1)
    Input[3] = InWeight (PortDataType.Scalar, 0)
  Actual input ports:
    Input[0]: Port 1764097772 = Anchor, LocalIndex=0
      Connected from: Node 3763452536 (Geometric)
    Input[1]: Port 880120380 = Anchor, LocalIndex=1
      Connected from: Node 223487201 (Anchor)
    Input[2]: Port 454458332 = Scalar, LocalIndex=1
      NOT CONNECTED
    Input[3]: Port 967622131 = Scalar, LocalIndex=0
      NOT CONNECTED
  Target port (input[1]) connected: True

Bridge Node 978933242:
  Position: float2(-530f, 2926f)
  Input count: 4
  Output count: 2
  Schema expects:
    Input[0] = Anchor (PortDataType.Anchor, 0)
    Input[1] = Target (PortDataType.Anchor, 1)
    Input[2] = OutWeight (PortDataType.Scalar, 1)
    Input[3] = InWeight (PortDataType.Scalar, 0)
  Actual input ports:
    Input[0]: Port 1703894615 = Anchor, LocalIndex=0
      Connected from: Node 958648347 (CopyPath)
    Input[1]: Port 2136017453 = Anchor, LocalIndex=1
      Connected from: Node 548289554 (Anchor)
    Input[2]: Port 1132995222 = Scalar, LocalIndex=1
      NOT CONNECTED
    Input[3]: Port 1584916285 = Scalar, LocalIndex=0
      NOT CONNECTED
  Target port (input[1]) connected: True

]]></output>
            </test-case>
            <test-case id="1198" name="DumpCoasterAfterImport(&quot;Assets/Tests/Assets/veloci.kex&quot;)" fullname="Tests.BridgeDeserializationTests.DumpCoasterAfterImport(&quot;Assets/Tests/Assets/veloci.kex&quot;)" methodname="DumpCoasterAfterImport" classname="Tests.BridgeDeserializationTests" runstate="Runnable" seed="743323322" result="Passed" start-time="2025-12-24 01:18:01Z" end-time="2025-12-24 01:18:01Z" duration="0.001521" asserts="0">
              <properties>
                <property name="retryIteration" value="0" />
                <property name="repeatIteration" value="0" />
              </properties>
              <reason>
                <message><![CDATA[Coaster structure dumped to console]]></message>
              </reason>
              <output><![CDATA[=== COASTER AFTER IMPORT ===
Nodes: 12
Ports: 74
Edges: 11

=== BRIDGE NODES IN COASTER ===

Bridge Node 11:
  Position: float2(-290f, 1846f)
  Input count: 4
  Output count: 2
  Schema expects:
    Input[0] = Anchor (PortDataType.Anchor, 0)
    Input[1] = Target (PortDataType.Anchor, 1)
    Input[2] = OutWeight (PortDataType.Scalar, 1)
    Input[3] = InWeight (PortDataType.Scalar, 0)
  Actual input ports:
    Input[0]: Port 2944132454 = Anchor, LocalIndex=0
      Connected from: Node 6 (Geometric)
    Input[1]: Port 2577384215 = Anchor, LocalIndex=1
      Connected from: Node 2079899705 (Anchor)
    Input[2]: Port 1 = Scalar, LocalIndex=1
      NOT CONNECTED
    Input[3]: Port 2 = Scalar, LocalIndex=0
      NOT CONNECTED
  Target port (input[1]) connected: True

Bridge Node 2079899704:
  Position: float2(-290f, 2206f)
  Input count: 4
  Output count: 2
  Schema expects:
    Input[0] = Anchor (PortDataType.Anchor, 0)
    Input[1] = Target (PortDataType.Anchor, 1)
    Input[2] = OutWeight (PortDataType.Scalar, 1)
    Input[3] = InWeight (PortDataType.Scalar, 0)
  Actual input ports:
    Input[0]: Port 594452232 = Anchor, LocalIndex=0
      Connected from: Node 11 (Bridge)
    Input[1]: Port 2099545353 = Anchor, LocalIndex=1
      Connected from: Node 3 (Anchor)
    Input[2]: Port 4223512233 = Scalar, LocalIndex=1
      NOT CONNECTED
    Input[3]: Port 4223512234 = Scalar, LocalIndex=0
      NOT CONNECTED
  Target port (input[1]) connected: True

]]></output>
            </test-case>
            <test-case id="1199" name="DumpCoasterAfterImport(&quot;Assets/Tests/Assets/shuttle.kex&quot;)" fullname="Tests.BridgeDeserializationTests.DumpCoasterAfterImport(&quot;Assets/Tests/Assets/shuttle.kex&quot;)" methodname="DumpCoasterAfterImport" classname="Tests.BridgeDeserializationTests" runstate="Runnable" seed="275402050" result="Passed" start-time="2025-12-24 01:18:01Z" end-time="2025-12-24 01:18:01Z" duration="0.001240" asserts="0">
              <properties>
                <property name="retryIteration" value="0" />
                <property name="repeatIteration" value="0" />
              </properties>
              <reason>
                <message><![CDATA[Coaster structure dumped to console]]></message>
              </reason>
              <output><![CDATA[=== COASTER AFTER IMPORT ===
Nodes: 16
Ports: 66
Edges: 19

=== BRIDGE NODES IN COASTER ===

]]></output>
            </test-case>
          </test-suite>
          <test-suite type="ParameterizedMethod" id="1196" name="DumpGraphStructure" fullname="Tests.BridgeDeserializationTests.DumpGraphStructure" classname="Tests.BridgeDeserializationTests" runstate="Runnable" testcasecount="3" result="Passed" start-time="2025-12-24 01:18:01Z" end-time="2025-12-24 01:18:01Z" duration="0.008429" total="3" passed="3" failed="0" inconclusive="0" skipped="0" asserts="0">
            <properties />
            <test-case id="1193" name="DumpGraphStructure(&quot;Assets/Tests/Assets/all_types.kex&quot;)" fullname="Tests.BridgeDeserializationTests.DumpGraphStructure(&quot;Assets/Tests/Assets/all_types.kex&quot;)" methodname="DumpGraphStructure" classname="Tests.BridgeDeserializationTests" runstate="Runnable" seed="2050087384" result="Passed" start-time="2025-12-24 01:18:01Z" end-time="2025-12-24 01:18:01Z" duration="0.004096" asserts="0">
              <properties>
                <property name="retryIteration" value="0" />
                <property name="repeatIteration" value="0" />
              </properties>
              <reason>
                <message><![CDATA[Graph structure dumped to console]]></message>
              </reason>
              <output><![CDATA[File version: 7
Node count: 21
Edge count: 24

=== NODES ===

Node 1088972794: ForceSection
  Position: (-674.0, 1078.0)
  Input ports (2):
    [0] Port 1529567368: Anchor
    [1] Port 1255897760: Duration = 3.200
  Output ports (2):
    [0] Port 1145140870: Anchor
    [1] Port 547077312: Path

Node 4128187575: ForceSection
  Position: (-674.0, 1726.0)
  Input ports (2):
    [0] Port 2493289831: Anchor
    [1] Port 4264528981: Duration = 29.200
  Output ports (2):
    [0] Port 2579920942: Anchor
    [1] Port 2733367441: Path

Node 2081759003: ForceSection
  Position: (-674.0, 1568.5)
  Input ports (2):
    [0] Port 184940493: Anchor
    [1] Port 1433394225: Duration = 18.000
  Output ports (2):
    [0] Port 959305938: Anchor
    [1] Port 1683433489: Path

Node 402587418: ForceSection
  Position: (-674.0, 1390.0)
  Input ports (2):
    [0] Port 453269326: Anchor
    [1] Port 2119802885: Duration = 2.700
  Output ports (2):
    [0] Port 932585045: Anchor
    [1] Port 591049901: Path

Node 3398324313: GeometricSection
  Position: (-722.0, 142.0)
  Input ports (2):
    [0] Port 2962123871: Anchor
    [1] Port 3234821762: Duration = 3.900
  Output ports (2):
    [0] Port 2692189360: Anchor
    [1] Port 3087166484: Path

Node 1068437882: GeometricSection
  Position: (-722.0, 320.3)
  Input ports (2):
    [0] Port 1480624814: Anchor
    [1] Port 712664593: Duration = 4.900
  Output ports (2):
    [0] Port 674904489: Anchor
    [1] Port 603678873: Path

Node 3763452536: GeometricSection
  Position: (-674.0, 2086.0)
  Input ports (2):
    [0] Port 4120058990: Anchor
    [1] Port 2167201480: Duration = 47.200
  Output ports (2):
    [0] Port 4085047698: Anchor
    [1] Port 2925474247: Path

Node 4225563327: GeometricSection
  Position: (-674.0, 1894.0)
  Input ports (2):
    [0] Port 3707806943: Anchor
    [1] Port 3400431717: Duration = 18.500
  Output ports (2):
    [0] Port 4053737568: Anchor
    [1] Port 2697027837: Path

Node 3943057453: Anchor
  Position: (-722.0, -138.0)
  Input ports (8):
    [0] Port 4224526564: Position = 0.000
    [1] Port 2204625284: Roll = 0.000
    [2] Port 3399362681: Pitch = 0.000
    [3] Port 3564373378: Yaw = 0.000
    [4] Port 2316695310: Velocity = 10.000
    [5] Port 3640306644: Heart = 1.100
    [6] Port 4208744938: Friction = 2.100
    [7] Port 4156961759: Resistance = 20.000
  Output ports (1):
    [0] Port 2412495142: Anchor

Node 548289554: Anchor
  Position: (-146.0, 2590.0)
  Input ports (8):
    [0] Port 658631467: Position = -35.820
    [1] Port 2047235964: Roll = 0.000
    [2] Port 741197621: Pitch = 0.000
    [3] Port 2136728146: Yaw = 21.260
    [4] Port 1442274400: Velocity = 10.000
    [5] Port 794161560: Heart = 1.100
    [6] Port 1887848669: Friction = 2.100
    [7] Port 233196321: Resistance = 20.000
  Output ports (1):
    [0] Port 375727787: Anchor

Node 223487201: Anchor
  Position: (-122.0, 2062.0)
  Input ports (8):
    [0] Port 1595582883: Position = -6.230
    [1] Port 789652645: Roll = -1.740
    [2] Port 1584921540: Pitch = -4.600
    [3] Port 28394009: Yaw = -12.720
    [4] Port 565401897: Velocity = 10.000
    [5] Port 1148612506: Heart = 1.100
    [6] Port 819923293: Friction = 2.100
    [7] Port 1689214020: Resistance = 20.000
  Output ports (1):
    [0] Port 1694702241: Anchor

Node 525679038: Bridge
  Position: (-530.0, 2422.0)
  Input ports (4):
    [0] Port 1764097772: Anchor
    [1] Port 880120380: Anchor
    [2] Port 454458332: OutWeight = 0.600
    [3] Port 967622131: InWeight = 0.700
  Output ports (2):
    [0] Port 357320551: Anchor
    [1] Port 485958676: Path

Node 978933242: Bridge
  Position: (-530.0, 2926.0)
  Input ports (4):
    [0] Port 1703894615: Anchor
    [1] Port 2136017453: Anchor
    [2] Port 1132995222: OutWeight = 0.300
    [3] Port 1584916285: InWeight = 0.300
  Output ports (2):
    [0] Port 2019972135: Anchor
    [1] Port 1206718633: Path

Node 748544271: Reverse
  Position: (-866.0, 526.0)
  Input ports (1):
    [0] Port 1553995962: Anchor
  Output ports (1):
    [0] Port 1239856845: Anchor

Node 1862095302: Reverse
  Position: (-674.0, 1246.0)
  Input ports (1):
    [0] Port 1841461387: Anchor
  Output ports (1):
    [0] Port 1567613988: Anchor

Node 1143449546: CopyPathSection
  Position: (-722.0, 646.0)
  Input ports (4):
    [0] Port 2001271157: Anchor
    [1] Port 1021337306: Path
    [2] Port 1275238916: Start = 0.000
    [3] Port 1070421381: End = -1.000
  Output ports (2):
    [0] Port 1357813512: Anchor
    [1] Port 1140310886: Path

Node 506024694: CopyPathSection
  Position: (-626.0, 862.0)
  Input ports (4):
    [0] Port 782401126: Anchor
    [1] Port 1963698896: Path
    [2] Port 1724737681: Start = 0.000
    [3] Port 2086150304: End = -1.000
  Output ports (2):
    [0] Port 1866215305: Anchor
    [1] Port 1244604423: Path

Node 958648347: CopyPathSection
  Position: (-530.0, 2662.0)
  Input ports (4):
    [0] Port 49893109: Anchor
    [1] Port 754098629: Path
    [2] Port 1809485583: Start = 0.000
    [3] Port 1585611613: End = -1.000
  Output ports (2):
    [0] Port 2087697692: Anchor
    [1] Port 1043999820: Path

Node 1527494142: CopyPathSection
  Position: (-530.0, 3166.0)
  Input ports (4):
    [0] Port 1321159574: Anchor
    [1] Port 1809925200: Path
    [2] Port 1933027746: Start = 0.000
    [3] Port 1570137867: End = -1.000
  Output ports (2):
    [0] Port 118879950: Anchor
    [1] Port 475941013: Path

Node 2080741825: ReversePath
  Position: (-626.0, 526.0)
  Input ports (1):
    [0] Port 1960736154: Path
  Output ports (1):
    [0] Port 1015403562: Path

Node 311072247: ReversePath
  Position: (-506.0, 694.0)
  Input ports (1):
    [0] Port 1277215123: Path
  Output ports (1):
    [0] Port 858466596: Path

=== EDGES ===
Edge 2906234368: Port 2412495142 -> Port 2962123871
Edge 592568483: Port 2692189360 -> Port 1480624814
Edge 3336738253: Port 959305938 -> Port 2493289831
Edge 2528179971: Port 2579920942 -> Port 3707806943
Edge 4168237135: Port 4053737568 -> Port 4120058990
Edge 517002308: Port 4085047698 -> Port 1764097772
Edge 980285195: Port 1694702241 -> Port 880120380
Edge 1782099898: Port 357320551 -> Port 49893109
Edge 313267214: Port 485958676 -> Port 754098629
Edge 56480452: Port 2087697692 -> Port 1703894615
Edge 1436428284: Port 375727787 -> Port 2136017453
Edge 650759868: Port 1866215305 -> Port 1529567368
Edge 296668472: Port 1145140870 -> Port 1841461387
Edge 53356651: Port 1567613988 -> Port 453269326
Edge 610117034: Port 932585045 -> Port 184940493
Edge 1900907516: Port 858466596 -> Port 1963698896
Edge 125513331: Port 1357813512 -> Port 782401126
Edge 599314605: Port 3087166484 -> Port 1277215123
Edge 1687222203: Port 1239856845 -> Port 2001271157
Edge 2006503872: Port 1015403562 -> Port 1021337306
Edge 1963595402: Port 603678873 -> Port 1960736154
Edge 1909942336: Port 674904489 -> Port 1553995962
Edge 841687769: Port 1206718633 -> Port 1809925200
Edge 482695566: Port 2019972135 -> Port 1321159574

=== BRIDGE NODE ANALYSIS ===

Bridge Node 525679038:
  Expected schema: [Anchor, Target, OutWeight, InWeight]
  Actual ports:
    [0] Anchor (id=1764097772)
    [1] Anchor (id=880120380)
    [2] OutWeight (id=454458332)
    [3] InWeight (id=967622131)
  Connections:
    Input[0] (Anchor) <- Node 3763452536 (GeometricSection)
    Input[1] (Anchor) <- Node 223487201 (Anchor)
    Input[2] (OutWeight): NOT CONNECTED
    Input[3] (InWeight): NOT CONNECTED
  Anchor data in node:
    HeartPosition: float3(8.697454f, 0.9447152f, -115.6895f)
    Direction: float3(0.2110001f, 0.5108834f, -0.833353f)
    Velocity: 19.14699

Bridge Node 978933242:
  Expected schema: [Anchor, Target, OutWeight, InWeight]
  Actual ports:
    [0] Anchor (id=1703894615)
    [1] Anchor (id=2136017453)
    [2] OutWeight (id=1132995222)
    [3] InWeight (id=1584916285)
  Connections:
    Input[0] (Anchor) <- Node 958648347 (CopyPathSection)
    Input[1] (Anchor) <- Node 548289554 (Anchor)
    Input[2] (OutWeight): NOT CONNECTED
    Input[3] (InWeight): NOT CONNECTED
  Anchor data in node:
    HeartPosition: float3(-27.15812f, 3.712849f, -201.9929f)
    Direction: float3(-0.1495747f, -0.540357f, -0.8280354f)
    Velocity: 16.29605

]]></output>
            </test-case>
            <test-case id="1194" name="DumpGraphStructure(&quot;Assets/Tests/Assets/veloci.kex&quot;)" fullname="Tests.BridgeDeserializationTests.DumpGraphStructure(&quot;Assets/Tests/Assets/veloci.kex&quot;)" methodname="DumpGraphStructure" classname="Tests.BridgeDeserializationTests" runstate="Runnable" seed="1814204707" result="Passed" start-time="2025-12-24 01:18:01Z" end-time="2025-12-24 01:18:01Z" duration="0.001429" asserts="0">
              <properties>
                <property name="retryIteration" value="0" />
                <property name="repeatIteration" value="0" />
              </properties>
              <reason>
                <message><![CDATA[Graph structure dumped to console]]></message>
              </reason>
              <output><![CDATA[File version: 7
Node count: 12
Edge count: 11

=== NODES ===

Node 2: ForceSection
  Position: (-290.0, 1366.0)
  Input ports (2):
    [0] Port 2591469851: Anchor
    [1] Port 3061244489: Duration = 34.690
  Output ports (2):
    [0] Port 3671866213: Anchor
    [1] Port 3422452283: Path

Node 1: ForceSection
  Position: (-290.0, 1078.0)
  Input ports (2):
    [0] Port 3024968844: Anchor
    [1] Port 2256481968: Duration = 30.960
  Output ports (2):
    [0] Port 2730186815: Anchor
    [1] Port 2844996261: Path

Node 6: GeometricSection
  Position: (-290.0, 1510.0)
  Input ports (2):
    [0] Port 2243358393: Anchor
    [1] Port 3765726469: Duration = 3.800
  Output ports (2):
    [0] Port 4053381257: Anchor
    [1] Port 4011754510: Path

Node 8: GeometricSection
  Position: (-290.0, 934.0)
  Input ports (2):
    [0] Port 2698141108: Anchor
    [1] Port 2920125942: Duration = 5.500
  Output ports (2):
    [0] Port 3418176116: Anchor
    [1] Port 2504844886: Path

Node 9: GeometricSection
  Position: (-290.0, 550.0)
  Input ports (2):
    [0] Port 1920192974: Anchor
    [1] Port 304036414: Duration = 1.300
  Output ports (2):
    [0] Port 1058314443: Anchor
    [1] Port 1662357002: Path

Node 5: GeometricSection
  Position: (-290.0, 1222.0)
  Input ports (2):
    [0] Port 4149458549: Anchor
    [1] Port 2445410065: Duration = 1.600
  Output ports (2):
    [0] Port 2533126286: Anchor
    [1] Port 4030751770: Path

Node 4: Anchor
  Position: (-290.0, 262.0)
  Input ports (8):
    [0] Port 1182204050: Position = 0.000
    [1] Port 597891315: Roll = 0.000
    [2] Port 667519473: Pitch = 0.000
    [3] Port 1125605660: Yaw = 0.000
    [4] Port 2001376391: Velocity = 0.100
    [5] Port 2047538405: Heart = 1.100
    [6] Port 403488901: Friction = 2.100
    [7] Port 1948898827: Resistance = 20.000
  Output ports (1):
    [0] Port 1644188596: Anchor

Node 3: Anchor
  Position: (94.0, 1870.0)
  Input ports (8):
    [0] Port 1457903978: Position = 0.000
    [1] Port 577035978: Roll = 0.000
    [2] Port 2057235817: Pitch = 0.000
    [3] Port 1706779109: Yaw = 0.000
    [4] Port 2054599984: Velocity = 0.100
    [5] Port 1372936032: Heart = 1.100
    [6] Port 2098039195: Friction = 2.100
    [7] Port 302607671: Resistance = 20.000
  Output ports (1):
    [0] Port 1882629193: Anchor

Node 3: Anchor
  Position: (94.0, 1534.0)
  Input ports (8):
    [0] Port 2888226059: Position = 0.000
    [1] Port 2189072094: Roll = 0.000
    [2] Port 3959481351: Pitch = 0.000
    [3] Port 4223512229: Yaw = -0.100
    [4] Port 3503318097: Velocity = 0.100
    [5] Port 3197533301: Heart = 1.100
    [6] Port 3762009524: Friction = 2.100
    [7] Port 3394366740: Resistance = 20.000
  Output ports (1):
    [0] Port 4192049486: Anchor

Node 11: Bridge
  Position: (-290.0, 1846.0)
  Input ports (4):
    [0] Port 2944132454: Anchor
    [1] Port 2577384215: Anchor
    [2] Port 1: OutWeight = 0.500
    [3] Port 2: InWeight = 0.700
  Output ports (2):
    [0] Port 3553041791: Anchor
    [1] Port 2311662388: Path

Node 2079899704: Bridge
  Position: (-290.0, 2206.0)
  Input ports (4):
    [0] Port 594452232: Anchor
    [1] Port 2099545353: Anchor
    [2] Port 1: OutWeight = 0.300
    [3] Port 2: InWeight = 0.300
  Output ports (2):
    [0] Port 1260382815: Anchor
    [1] Port 207444691: Path

Node 10: CurvedSection
  Position: (-290.0, 694.0)
  Input ports (6):
    [0] Port 1310029185: Anchor
    [1] Port 839238851: Radius = 7.400
    [2] Port 1877353333: Arc = 120.000
    [3] Port 2113935439: Axis = 180.000
    [4] Port 2056247935: LeadIn = 0.000
    [5] Port 973588314: LeadOut = 0.000
  Output ports (2):
    [0] Port 1302094873: Anchor
    [1] Port 81584543: Path

=== EDGES ===
Edge 3004276424: Port 3553041791 -> Port 594452232
Edge 2338300677: Port 4053381257 -> Port 2944132454
Edge 2973838203: Port 3671866213 -> Port 2243358393
Edge 103713340: Port 1644188596 -> Port 1920192974
Edge 1115630657: Port 1058314443 -> Port 1310029185
Edge 2672670697: Port 4192049486 -> Port 2577384215
Edge 3486932071: Port 3418176116 -> Port 3024968844
Edge 1974450792: Port 1882629193 -> Port 2099545353
Edge 4086063733: Port 1302094873 -> Port 2698141108
Edge 3141678892: Port 2730186815 -> Port 4149458549
Edge 3434153624: Port 2533126286 -> Port 2591469851

=== BRIDGE NODE ANALYSIS ===

Bridge Node 11:
  Expected schema: [Anchor, Target, OutWeight, InWeight]
  Actual ports:
    [0] Anchor (id=2944132454)
    [1] Anchor (id=2577384215)
    [2] OutWeight (id=1)
    [3] InWeight (id=2)
  Connections:
    Input[0] (Anchor) <- Node 6 (GeometricSection)
    Input[1] (Anchor) <- Node 3 (Anchor)
    Input[2] (OutWeight): NOT CONNECTED
    Input[3] (InWeight): NOT CONNECTED
  Anchor data in node:
    HeartPosition: float3(-1.100289f, 6.670472f, 41.05904f)
    Direction: float3(0.007318868f, -0.1178158f, -0.9930085f)
    Velocity: 5

Bridge Node 2079899704:
  Expected schema: [Anchor, Target, OutWeight, InWeight]
  Actual ports:
    [0] Anchor (id=594452232)
    [1] Anchor (id=2099545353)
    [2] OutWeight (id=1)
    [3] InWeight (id=2)
  Connections:
    Input[0] (Anchor) <- Node 11 (Bridge)
    Input[1] (Anchor) <- Node 3 (Anchor)
    Input[2] (OutWeight): NOT CONNECTED
    Input[3] (InWeight): NOT CONNECTED
  Anchor data in node:
    HeartPosition: float3(0f, 3f, 15.17f)
    Direction: float3(0.001745329f, 0f, -0.9999985f)
    Velocity: 9.288106

]]></output>
            </test-case>
            <test-case id="1195" name="DumpGraphStructure(&quot;Assets/Tests/Assets/shuttle.kex&quot;)" fullname="Tests.BridgeDeserializationTests.DumpGraphStructure(&quot;Assets/Tests/Assets/shuttle.kex&quot;)" methodname="DumpGraphStructure" classname="Tests.BridgeDeserializationTests" runstate="Runnable" seed="1554142947" result="Passed" start-time="2025-12-24 01:18:01Z" end-time="2025-12-24 01:18:01Z" duration="0.001755" asserts="0">
              <properties>
                <property name="retryIteration" value="0" />
                <property name="repeatIteration" value="0" />
              </properties>
              <reason>
                <message><![CDATA[Graph structure dumped to console]]></message>
              </reason>
              <output><![CDATA[File version: 7
Node count: 16
Edge count: 19

=== NODES ===

Node 5: ForceSection
  Position: (-218.0, 766.0)
  Input ports (2):
    [0] Port 3807449982: Anchor
    [1] Port 3011708133: Duration = 6.600
  Output ports (2):
    [0] Port 3551060890: Anchor
    [1] Port 3397609991: Path

Node 4: GeometricSection
  Position: (-218.0, 1078.0)
  Input ports (2):
    [0] Port 740216124: Anchor
    [1] Port 1702811016: Duration = 2.000
  Output ports (2):
    [0] Port 301301842: Anchor
    [1] Port 484775560: Path

Node 2: GeometricSection
  Position: (-218.0, 934.0)
  Input ports (2):
    [0] Port 1752105906: Anchor
    [1] Port 1256851777: Duration = 50.000
  Output ports (2):
    [0] Port 1769637745: Anchor
    [1] Port 1592716920: Path

Node 3: GeometricSection
  Position: (-674.0, 1054.0)
  Input ports (2):
    [0] Port 3470377393: Anchor
    [1] Port 4266334105: Duration = 1.000
  Output ports (2):
    [0] Port 3848047665: Anchor
    [1] Port 3259001676: Path

Node 1: GeometricSection
  Position: (-218.0, 574.0)
  Input ports (2):
    [0] Port 2335877407: Anchor
    [1] Port 3735883242: Duration = 2.500
  Output ports (2):
    [0] Port 3698306244: Anchor
    [1] Port 2545387420: Path

Node 6: Anchor
  Position: (-218.0, 268.3)
  Input ports (8):
    [0] Port 3037839344: Position = 0.000
    [1] Port 2454960650: Roll = 0.000
    [2] Port 2211444262: Pitch = 0.000
    [3] Port 4205425528: Yaw = 0.000
    [4] Port 2250839507: Velocity = 0.100
    [5] Port 4179759397: Heart = 1.100
    [6] Port 3875035332: Friction = 2.100
    [7] Port 2158948740: Resistance = 20.000
  Output ports (1):
    [0] Port 2737928590: Anchor

Node 7: Reverse
  Position: (-818.0, 766.0)
  Input ports (1):
    [0] Port 3127128704: Anchor
  Output ports (1):
    [0] Port 3444455266: Anchor

Node 8: Reverse
  Position: (-2.0, 1078.0)
  Input ports (1):
    [0] Port 1176360213: Anchor
  Output ports (1):
    [0] Port 1984287434: Anchor

Node 3386626208: CopyPathSection
  Position: (-674.0, 886.0)
  Input ports (4):
    [0] Port 3073046030: Anchor
    [1] Port 4145549934: Path
    [2] Port 2357079816: Start = 0.000
    [3] Port 2544208102: End = -1.000
  Output ports (2):
    [0] Port 3273838424: Anchor
    [1] Port 2900455429: Path

Node 4257997777: CopyPathSection
  Position: (382.0, 1390.0)
  Input ports (4):
    [0] Port 2392787693: Anchor
    [1] Port 3832904716: Path
    [2] Port 3229445569: Start = 0.000
    [3] Port 3252769820: End = -1.000
  Output ports (2):
    [0] Port 3919281599: Anchor
    [1] Port 3830290781: Path

Node 4267673592: CopyPathSection
  Position: (118.0, 1210.5)
  Input ports (4):
    [0] Port 2738126404: Anchor
    [1] Port 4168242533: Path
    [2] Port 2583313920: Start = 0.000
    [3] Port 2459317273: End = -1.000
  Output ports (2):
    [0] Port 2837056071: Anchor
    [1] Port 3377962552: Path

Node 2161712148: CopyPathSection
  Position: (598.0, 1606.0)
  Input ports (4):
    [0] Port 3286014599: Anchor
    [1] Port 2619590779: Path
    [2] Port 2960130968: Start = 0.000
    [3] Port 2769452076: End = -1.000
  Output ports (2):
    [0] Port 3152539195: Anchor
    [1] Port 3533629809: Path

Node 13: ReversePath
  Position: (598.0, 958.0)
  Input ports (1):
    [0] Port 1132287077: Path
  Output ports (1):
    [0] Port 1858037438: Path

Node 14: ReversePath
  Position: (-466.5, 766.0)
  Input ports (1):
    [0] Port 2504405529: Path
  Output ports (1):
    [0] Port 3765982659: Path

Node 16: ReversePath
  Position: (382.0, 958.0)
  Input ports (1):
    [0] Port 499895499: Path
  Output ports (1):
    [0] Port 1027114524: Path

Node 15: ReversePath
  Position: (238.0, 1078.0)
  Input ports (1):
    [0] Port 1440202488: Path
  Output ports (1):
    [0] Port 363071863: Path

=== EDGES ===
Edge 698697990: Port 3397609991 -> Port 499895499
Edge 1884246114: Port 3551060890 -> Port 1752105906
Edge 3289208570: Port 1027114524 -> Port 3832904716
Edge 395013674: Port 2545387420 -> Port 1132287077
Edge 3293841057: Port 363071863 -> Port 4168242533
Edge 3604708442: Port 1984287434 -> Port 2738126404
Edge 3021047894: Port 3698306244 -> Port 3807449982
Edge 2327314498: Port 3919281599 -> Port 3286014599
Edge 2151821299: Port 1858037438 -> Port 2619590779
Edge 4243227072: Port 2545387420 -> Port 2504405529
Edge 3975689049: Port 2837056071 -> Port 2392787693
Edge 2622531758: Port 3273838424 -> Port 3470377393
Edge 4169849659: Port 3765982659 -> Port 4145549934
Edge 2617459156: Port 3444455266 -> Port 3073046030
Edge 3546514210: Port 1592716920 -> Port 1440202488
Edge 2991266814: Port 1769637745 -> Port 1176360213
Edge 3926848588: Port 1769637745 -> Port 740216124
Edge 3031438390: Port 2737928590 -> Port 2335877407
Edge 3657823150: Port 3698306244 -> Port 3127128704

=== BRIDGE NODE ANALYSIS ===

]]></output>
            </test-case>
          </test-suite>
          <test-suite type="ParameterizedMethod" id="1206" name="EvaluateBridgeNodesSuccessfully" fullname="Tests.BridgeDeserializationTests.EvaluateBridgeNodesSuccessfully" classname="Tests.BridgeDeserializationTests" runstate="Runnable" testcasecount="3" result="Passed" start-time="2025-12-24 01:18:01Z" end-time="2025-12-24 01:18:01Z" duration="0.023850" total="3" passed="3" failed="0" inconclusive="0" skipped="0" asserts="0">
            <properties />
            <test-case id="1203" name="EvaluateBridgeNodesSuccessfully(&quot;Assets/Tests/Assets/all_types.kex&quot;)" fullname="Tests.BridgeDeserializationTests.EvaluateBridgeNodesSuccessfully(&quot;Assets/Tests/Assets/all_types.kex&quot;)" methodname="EvaluateBridgeNodesSuccessfully" classname="Tests.BridgeDeserializationTests" runstate="Runnable" seed="1667951588" result="Passed" start-time="2025-12-24 01:18:01Z" end-time="2025-12-24 01:18:01Z" duration="0.016633" asserts="0">
              <properties>
                <property name="retryIteration" value="0" />
                <property name="repeatIteration" value="0" />
              </properties>
              <output><![CDATA[=== EVALUATION RESULT FOR Assets/Tests/Assets/all_types.kex ===
Output anchors: 21
Paths: 16

Bridge Node 525679038:
  Has output anchor: True
  Has path: True (length: 355)

Bridge Node 978933242:
  Has output anchor: True
  Has path: True (length: 176)

]]></output>
            </test-case>
            <test-case id="1204" name="EvaluateBridgeNodesSuccessfully(&quot;Assets/Tests/Assets/veloci.kex&quot;)" fullname="Tests.BridgeDeserializationTests.EvaluateBridgeNodesSuccessfully(&quot;Assets/Tests/Assets/veloci.kex&quot;)" methodname="EvaluateBridgeNodesSuccessfully" classname="Tests.BridgeDeserializationTests" runstate="Runnable" seed="240193152" result="Passed" start-time="2025-12-24 01:18:01Z" end-time="2025-12-24 01:18:01Z" duration="0.004204" asserts="0">
              <properties>
                <property name="retryIteration" value="0" />
                <property name="repeatIteration" value="0" />
              </properties>
              <output><![CDATA[=== EVALUATION RESULT FOR Assets/Tests/Assets/veloci.kex ===
Output anchors: 12
Paths: 9

Bridge Node 11:
  Has output anchor: True
  Has path: True (length: 354)

Bridge Node 2079899704:
  Has output anchor: True
  Has path: True (length: 319)

]]></output>
            </test-case>
            <test-case id="1205" name="EvaluateBridgeNodesSuccessfully(&quot;Assets/Tests/Assets/shuttle.kex&quot;)" fullname="Tests.BridgeDeserializationTests.EvaluateBridgeNodesSuccessfully(&quot;Assets/Tests/Assets/shuttle.kex&quot;)" methodname="EvaluateBridgeNodesSuccessfully" classname="Tests.BridgeDeserializationTests" runstate="Runnable" seed="1511308000" result="Passed" start-time="2025-12-24 01:18:01Z" end-time="2025-12-24 01:18:01Z" duration="0.001730" asserts="0">
              <properties>
                <property name="retryIteration" value="0" />
                <property name="repeatIteration" value="0" />
              </properties>
              <output><![CDATA[=== EVALUATION RESULT FOR Assets/Tests/Assets/shuttle.kex ===
Output anchors: 16
Paths: 13

]]></output>
            </test-case>
          </test-suite>
          <test-case id="1201" name="VerifyBridgePortSpecSchema" fullname="Tests.BridgeDeserializationTests.VerifyBridgePortSpecSchema" methodname="VerifyBridgePortSpecSchema" classname="Tests.BridgeDeserializationTests" runstate="Runnable" seed="1357488781" result="Passed" start-time="2025-12-24 01:18:01Z" end-time="2025-12-24 01:18:01Z" duration="0.005050" asserts="0">
            <properties>
              <property name="retryIteration" value="0" />
              <property name="repeatIteration" value="0" />
            </properties>
            <reason>
              <message><![CDATA[Schema dumped to console]]></message>
            </reason>
            <output><![CDATA[=== BRIDGE PORT SCHEMA ===
Input[0] = Anchor (Anchor, LocalIndex=0)
Input[1] = Target (Anchor, LocalIndex=1)
Input[2] = Out Weight (Scalar, LocalIndex=1)
Input[3] = In Weight (Scalar, LocalIndex=0)
Output[0] = Anchor (Anchor, LocalIndex=0)
Output[1] = Path (Path, LocalIndex=0)

=== BRIDGE PORTS CONSTANTS ===
BridgePorts.Anchor = 0
BridgePorts.Target = 1
BridgePorts.OutWeight = 2
BridgePorts.InWeight = 3

]]></output>
          </test-case>
          <test-case id="1202" name="VerifyLegacyPortTypeToSchemaMapping" fullname="Tests.BridgeDeserializationTests.VerifyLegacyPortTypeToSchemaMapping" methodname="VerifyLegacyPortTypeToSchemaMapping" classname="Tests.BridgeDeserializationTests" runstate="Runnable" seed="1392852249" result="Passed" start-time="2025-12-24 01:18:01Z" end-time="2025-12-24 01:18:01Z" duration="0.000880" asserts="0">
            <properties>
              <property name="retryIteration" value="0" />
              <property name="repeatIteration" value="0" />
            </properties>
            <reason>
              <message><![CDATA[]]></message>
            </reason>
            <output><![CDATA[=== LEGACY PORT TYPE VALUES ===
PortType.Anchor = 0
PortType.InWeight = 16
PortType.OutWeight = 17

Bridge node in legacy format typically has:
  Input[0]: Anchor
  Input[1]: Anchor (Target - if present)
  Input[2]: OutWeight
  Input[3]: InWeight

Saving results to: C:/Users/dylan/AppData/LocalLow/IndividualKex/KexEdit\TestResults.xml
]]></output>
          </test-case>
        </test-suite>
      </test-suite>
    </test-suite>
  </test-suite>
</test-run>